C51 COMPILER V9.60.7.0   DS1307                                                            02/22/2025 11:17:15 PAGE 1   


C51 COMPILER V9.60.7.0, COMPILATION OF MODULE DS1307
OBJECT MODULE PLACED IN .\Objects\ds1307.obj
COMPILER INVOKED BY: C:\Keil_v5\C51\BIN\C51.EXE ds1307.c OPTIMIZE(8,SPEED) BROWSE DEBUG OBJECTEXTEND PRINT(.\Listings\ds
                    -1307.lst) TABS(2) OBJECT(.\Objects\ds1307.obj)

line level    source

   1          #include <reg51.h>
   2          #include "i2c.h"
   3          #define DS1307 0xD0
   4          
   5          
   6          void ds1307_init()
   7          {
   8   1        start();
   9   1        writei2c(DS1307);clock();
  10   1        writei2c(0x07);clock();
  11   1        writei2c(0x00);clock();
  12   1        stop();
  13   1      }
  14          
  15          
  16          
  17          void ds1307_setdate(unsigned char dd, unsigned char mm, unsigned char yy)
  18          {
  19   1        start();
  20   1        
  21   1        writei2c(dd);clock();
  22   1        writei2c(mm);clock();
  23   1        writei2c(yy);clock();
  24   1        stop();
  25   1        
  26   1        
  27   1      }
  28          void ds1307_settime(unsigned char ss,unsigned char mm,unsigned char hh)
  29          {
  30   1        start();
  31   1        
  32   1        writei2c(ss);clock();
  33   1        writei2c(mm);clock();
  34   1        writei2c(hh);clock();
  35   1        stop();
  36   1      }
  37          
  38          void ds1307_gettime(unsigned char *h_ptr,unsigned char *m_ptr,unsigned char *s_ptr)
  39          {
  40   1        start();
  41   1        writei2c(DS1307);clock();
  42   1        writei2c(0x00);clock();
  43   1        
  44   1        stop();
  45   1        
  46   1        
  47   1        start();
  48   1        writei2c(0xD1);clock();
  49   1        *s_ptr=readi2c();ack();
  50   1        *m_ptr=readi2c();ack();
  51   1        *h_ptr=readi2c();noack();  
  52   1        stop();  
  53   1        
  54   1      }
C51 COMPILER V9.60.7.0   DS1307                                                            02/22/2025 11:17:15 PAGE 2   

  55          
  56          
  57          void ds1307_getdate(unsigned char *dd_ptr,unsigned char *mm_ptr,unsigned char *yy_ptr)
  58          {
  59   1        start();
  60   1        writei2c(DS1307);clock();
  61   1        writei2c(0x04);clock();
  62   1        
  63   1        stop();
  64   1        
  65   1        start();
  66   1        writei2c(0xD1);clock();
  67   1        *dd_ptr=readi2c();ack();
  68   1        *mm_ptr=readi2c();ack();
  69   1        *yy_ptr=readi2c();noack();  
  70   1        stop();  
  71   1      }
  72          
  73          
  74          


MODULE INFORMATION:   STATIC OVERLAYABLE
   CODE SIZE        =    282    ----
   CONSTANT SIZE    =   ----    ----
   XDATA SIZE       =   ----    ----
   PDATA SIZE       =   ----    ----
   DATA SIZE        =   ----      24
   IDATA SIZE       =   ----    ----
   BIT SIZE         =   ----    ----
END OF MODULE INFORMATION.


C51 COMPILATION COMPLETE.  0 WARNING(S),  0 ERROR(S)
